
Loading design for application trce from file ADCTest_First_Implementation.ncd.
Design name: top
NCD version: 3.3
Vendor:      LATTICE
Device:      LFE5U-85F
Package:     CABGA381
Performance: 6
Loading device for application trce from file 'sa5p85.nph' in environment: /home/user/FPGA/tools/diamond/usr/local/diamond/3.13/ispfpga.
Package Status:                     Final          Version 1.37.
Performance Hardware Data Status:   Final          Version 55.1.
Setup and Hold Report

--------------------------------------------------------------------------------
Lattice TRACE Report - Setup, Version Diamond (64-bit) 3.13.0.56.2
Wed May 22 16:34:30 2024

Copyright (c) 1991-1994 by NeoCAD Inc. All rights reserved.
Copyright (c) 1995 AT&T Corp.   All rights reserved.
Copyright (c) 1995-2001 Lucent Technologies Inc.  All rights reserved.
Copyright (c) 2001 Agere Systems   All rights reserved.
Copyright (c) 2002-2023 Lattice Semiconductor Corporation,  All rights reserved.

Report Information
------------------
Command line:    trce -v 10 -gt -sethld -sp 6 -sphld m -o ADCTest_First_Implementation.twr -gui -msgset /home/user/SDR-HLS/Testing/1bitADCTest/promote.xml ADCTest_First_Implementation.ncd ADCTest_First_Implementation.prf 
Design file:     ADCTest_First_Implementation.ncd
Preference file: ADCTest_First_Implementation.prf
Device,speed:    LFE5U-85F,6
Report level:    verbose report, limited to 10 items per preference
--------------------------------------------------------------------------------

BLOCK ASYNCPATHS
BLOCK RESETPATHS
--------------------------------------------------------------------------------



================================================================================
Preference: FREQUENCY NET "i_clk_c" 25.000000 MHz ;
            0 items scored, 0 timing errors detected.
--------------------------------------------------------------------------------


================================================================================
Preference: FREQUENCY NET "clk_80mhz" 83.333333 MHz ;
            0 items scored, 0 timing errors detected.
--------------------------------------------------------------------------------


Passed:  The following path meets requirements by 9.900ns
         The internal maximum frequency of the following component is 476.190 MHz

 Logical Details:  Cell type  Pin name       Component name

   Destination:    SLICE      CLK            adctest/SLICE_0

   Delay:               2.100ns -- based on Minimum Pulse Width

Report:  476.190MHz is the maximum frequency for this preference.


================================================================================
Preference: FREQUENCY PORT "i_clk" 25.000000 MHz ;
            0 items scored, 0 timing errors detected.
--------------------------------------------------------------------------------


Passed:  The following path meets requirements by 35.000ns
         The internal maximum frequency of the following component is 200.000 MHz

 Logical Details:  Cell type  Pin name       Component name

   Destination:    PIO        PAD            i_clk

   Delay:               5.000ns -- based on Minimum Pulse Width

Report:  200.000MHz is the maximum frequency for this preference.

Report Summary
--------------
----------------------------------------------------------------------------
Preference                              |   Constraint|       Actual|Levels
----------------------------------------------------------------------------
                                        |             |             |
FREQUENCY NET "i_clk_c" 25.000000 MHz ; |            -|            -|   0  
                                        |             |             |
FREQUENCY NET "clk_80mhz" 83.333333 MHz |             |             |
;                                       |   83.333 MHz|  476.190 MHz|   0  
                                        |             |             |
FREQUENCY PORT "i_clk" 25.000000 MHz ;  |   25.000 MHz|  200.000 MHz|   0  
                                        |             |             |
----------------------------------------------------------------------------


All preferences were met.


Clock Domains Analysis
------------------------

Found 2 clocks:

Clock Domain: i_clk_c   Source: i_clk.PAD   Loads: 1
   No transfer within this clock domain is found

Clock Domain: clk_80mhz   Source: PLL1/PLLInst_0.CLKOP   Loads: 2
   No transfer within this clock domain is found


Timing summary (Setup):
---------------

Timing errors: 0  Score: 0
Cumulative negative slack: 0

Constraints cover 0 paths, 2 nets, and 4 connections (66.67% coverage)

--------------------------------------------------------------------------------
Lattice TRACE Report - Hold, Version Diamond (64-bit) 3.13.0.56.2
Wed May 22 16:34:30 2024

Copyright (c) 1991-1994 by NeoCAD Inc. All rights reserved.
Copyright (c) 1995 AT&T Corp.   All rights reserved.
Copyright (c) 1995-2001 Lucent Technologies Inc.  All rights reserved.
Copyright (c) 2001 Agere Systems   All rights reserved.
Copyright (c) 2002-2023 Lattice Semiconductor Corporation,  All rights reserved.

Report Information
------------------
Command line:    trce -v 10 -gt -sethld -sp 6 -sphld m -o ADCTest_First_Implementation.twr -gui -msgset /home/user/SDR-HLS/Testing/1bitADCTest/promote.xml ADCTest_First_Implementation.ncd ADCTest_First_Implementation.prf 
Design file:     ADCTest_First_Implementation.ncd
Preference file: ADCTest_First_Implementation.prf
Device,speed:    LFE5U-85F,m
Report level:    verbose report, limited to 10 items per preference
--------------------------------------------------------------------------------

BLOCK ASYNCPATHS
BLOCK RESETPATHS
--------------------------------------------------------------------------------



================================================================================
Preference: FREQUENCY NET "i_clk_c" 25.000000 MHz ;
            0 items scored, 0 timing errors detected.
--------------------------------------------------------------------------------


================================================================================
Preference: FREQUENCY NET "clk_80mhz" 83.333333 MHz ;
            0 items scored, 0 timing errors detected.
--------------------------------------------------------------------------------


================================================================================
Preference: FREQUENCY PORT "i_clk" 25.000000 MHz ;
            0 items scored, 0 timing errors detected.
--------------------------------------------------------------------------------

Report Summary
--------------
----------------------------------------------------------------------------
Preference(MIN Delays)                  |   Constraint|       Actual|Levels
----------------------------------------------------------------------------
                                        |             |             |
FREQUENCY NET "i_clk_c" 25.000000 MHz ; |            -|            -|   0  
                                        |             |             |
FREQUENCY NET "clk_80mhz" 83.333333 MHz |             |             |
;                                       |            -|            -|   0  
                                        |             |             |
FREQUENCY PORT "i_clk" 25.000000 MHz ;  |            -|            -|   0  
                                        |             |             |
----------------------------------------------------------------------------


All preferences were met.


Clock Domains Analysis
------------------------

Found 2 clocks:

Clock Domain: i_clk_c   Source: i_clk.PAD   Loads: 1
   No transfer within this clock domain is found

Clock Domain: clk_80mhz   Source: PLL1/PLLInst_0.CLKOP   Loads: 2
   No transfer within this clock domain is found


Timing summary (Hold):
---------------

Timing errors: 0  Score: 0
Cumulative negative slack: 0

Constraints cover 0 paths, 2 nets, and 4 connections (66.67% coverage)



Timing summary (Setup and Hold):
---------------

Timing errors: 0 (setup), 0 (hold)
Score: 0 (setup), 0 (hold)
Cumulative negative slack: 0 (0+0)
--------------------------------------------------------------------------------

--------------------------------------------------------------------------------

