
Loading design for application trce from file SpeakerTest_Second_Implementation.ncd.
Design name: top
NCD version: 3.3
Vendor:      LATTICE
Device:      LFE5U-85F
Package:     CABGA381
Performance: 6
Loading device for application trce from file 'sa5p85.nph' in environment: /home/user/FPGA/tools/diamond/usr/local/diamond/3.13/ispfpga.
Package Status:                     Final          Version 1.37.
Performance Hardware Data Status:   Final          Version 55.1.
Setup and Hold Report

--------------------------------------------------------------------------------
Lattice TRACE Report - Setup, Version Diamond (64-bit) 3.13.0.56.2
Fri Mar 15 12:48:40 2024

Copyright (c) 1991-1994 by NeoCAD Inc. All rights reserved.
Copyright (c) 1995 AT&T Corp.   All rights reserved.
Copyright (c) 1995-2001 Lucent Technologies Inc.  All rights reserved.
Copyright (c) 2001 Agere Systems   All rights reserved.
Copyright (c) 2002-2023 Lattice Semiconductor Corporation,  All rights reserved.

Report Information
------------------
Command line:    trce -v 10 -gt -sethld -sp 6 -sphld m -o SpeakerTest_Second_Implementation.twr -gui SpeakerTest_Second_Implementation.ncd SpeakerTest_Second_Implementation.prf 
Design file:     SpeakerTest_Second_Implementation.ncd
Preference file: SpeakerTest_Second_Implementation.prf
Device,speed:    LFE5U-85F,6
Report level:    verbose report, limited to 10 items per preference
--------------------------------------------------------------------------------

BLOCK ASYNCPATHS
BLOCK RESETPATHS
--------------------------------------------------------------------------------



================================================================================
Preference: FREQUENCY PORT "clk_25mhz" 25.000000 MHz ;
            1171 items scored, 0 timing errors detected.
--------------------------------------------------------------------------------


Passed: The following path meets requirements by 30.628ns

 Logical Details:  Cell type  Pin type       Cell/ASIC name  (clock net +/-)

   Source:         FF         Q              swg/counter_9__i0  (from clk_25mhz_c +)
   Destination:    FF         Data in        swg/counter_9__i18  (to clk_25mhz_c +)
                   FF                        swg/counter_9__i17

   Delay:               8.948ns  (27.2% logic, 72.8% route), 17 logic levels.

 Constraint Details:

      8.948ns physical path delay swg/SLICE_2 to swg/SLICE_10 meets
     40.000ns delay constraint less
      0.000ns skew and
      0.424ns LSR_SET requirement (totaling 39.576ns) by 30.628ns

 Physical Path Details:

      Data path swg/SLICE_2 to swg/SLICE_10:

   Name    Fanout   Delay (ns)          Site               Resource
REG_DEL     ---     0.522    R17C26A.CLK to     R17C26A.Q1 swg/SLICE_2 (from clk_25mhz_c)
ROUTE         2     1.210     R17C26A.Q1 to     R18C26A.A0 counter_0
C0TOFCO_DE  ---     0.447     R18C26A.A0 to    R18C26A.FCO SLICE_32
ROUTE         1     0.000    R18C26A.FCO to    R18C26B.FCI n200
FCITOFCO_D  ---     0.071    R18C26B.FCI to    R18C26B.FCO SLICE_31
ROUTE         1     0.000    R18C26B.FCO to    R18C26C.FCI n201
FCITOFCO_D  ---     0.071    R18C26C.FCI to    R18C26C.FCO SLICE_30
ROUTE         1     0.000    R18C26C.FCO to    R18C26D.FCI n202
FCITOFCO_D  ---     0.071    R18C26D.FCI to    R18C26D.FCO SLICE_29
ROUTE         1     0.000    R18C26D.FCO to    R18C27A.FCI n203
FCITOFCO_D  ---     0.071    R18C27A.FCI to    R18C27A.FCO SLICE_28
ROUTE         1     0.000    R18C27A.FCO to    R18C27B.FCI n204
FCITOFCO_D  ---     0.071    R18C27B.FCI to    R18C27B.FCO SLICE_27
ROUTE         1     0.000    R18C27B.FCO to    R18C27C.FCI n205
FCITOFCO_D  ---     0.071    R18C27C.FCI to    R18C27C.FCO SLICE_26
ROUTE         1     0.000    R18C27C.FCO to    R18C27D.FCI n206
FCITOFCO_D  ---     0.071    R18C27D.FCI to    R18C27D.FCO SLICE_25
ROUTE         1     0.000    R18C27D.FCO to    R18C28A.FCI n207
FCITOFCO_D  ---     0.071    R18C28A.FCI to    R18C28A.FCO SLICE_24
ROUTE         1     0.000    R18C28A.FCO to    R18C28B.FCI n208
FCITOFCO_D  ---     0.071    R18C28B.FCI to    R18C28B.FCO SLICE_23
ROUTE         1     0.000    R18C28B.FCO to    R18C28C.FCI n209
FCITOFCO_D  ---     0.071    R18C28C.FCI to    R18C28C.FCO SLICE_22
ROUTE         1     0.000    R18C28C.FCO to    R18C28D.FCI n210
FCITOFCO_D  ---     0.071    R18C28D.FCI to    R18C28D.FCO SLICE_21
ROUTE         1     0.000    R18C28D.FCO to    R18C29A.FCI n211
FCITOFCO_D  ---     0.071    R18C29A.FCI to    R18C29A.FCO SLICE_20
ROUTE         1     0.000    R18C29A.FCO to    R18C29B.FCI n212
FCITOFCO_D  ---     0.071    R18C29B.FCI to    R18C29B.FCO SLICE_19
ROUTE         1     0.000    R18C29B.FCO to    R18C29C.FCI n213
FCITOFCO_D  ---     0.071    R18C29C.FCI to    R18C29C.FCO SLICE_1
ROUTE         1     0.000    R18C29C.FCO to    R18C29D.FCI n214
FCITOF1_DE  ---     0.474    R18C29D.FCI to     R18C29D.F1 SLICE_0
ROUTE        20     5.301     R18C29D.F1 to    R17C28B.LSR clk_25mhz_c_enable_1 (to clk_25mhz_c)
                  --------
                    8.948   (27.2% logic, 72.8% route), 17 logic levels.

 Clock Skew Details: 

      Source Clock Path clk_25mhz to swg/SLICE_2:

   Name    Fanout   Delay (ns)          Site               Resource
ROUTE        20     2.781       G2.PADDI to    R17C26A.CLK clk_25mhz_c
                  --------
                    2.781   (0.0% logic, 100.0% route), 0 logic levels.

      Destination Clock Path clk_25mhz to swg/SLICE_10:

   Name    Fanout   Delay (ns)          Site               Resource
ROUTE        20     2.781       G2.PADDI to    R17C28B.CLK clk_25mhz_c
                  --------
                    2.781   (0.0% logic, 100.0% route), 0 logic levels.


Passed: The following path meets requirements by 30.628ns

 Logical Details:  Cell type  Pin type       Cell/ASIC name  (clock net +/-)

   Source:         FF         Q              swg/counter_9__i0  (from clk_25mhz_c +)
   Destination:    FF         Data in        swg/counter_9__i10  (to clk_25mhz_c +)
                   FF                        swg/counter_9__i9

   Delay:               8.948ns  (27.2% logic, 72.8% route), 17 logic levels.

 Constraint Details:

      8.948ns physical path delay swg/SLICE_2 to swg/SLICE_14 meets
     40.000ns delay constraint less
      0.000ns skew and
      0.424ns LSR_SET requirement (totaling 39.576ns) by 30.628ns

 Physical Path Details:

      Data path swg/SLICE_2 to swg/SLICE_14:

   Name    Fanout   Delay (ns)          Site               Resource
REG_DEL     ---     0.522    R17C26A.CLK to     R17C26A.Q1 swg/SLICE_2 (from clk_25mhz_c)
ROUTE         2     1.210     R17C26A.Q1 to     R18C26A.A0 counter_0
C0TOFCO_DE  ---     0.447     R18C26A.A0 to    R18C26A.FCO SLICE_32
ROUTE         1     0.000    R18C26A.FCO to    R18C26B.FCI n200
FCITOFCO_D  ---     0.071    R18C26B.FCI to    R18C26B.FCO SLICE_31
ROUTE         1     0.000    R18C26B.FCO to    R18C26C.FCI n201
FCITOFCO_D  ---     0.071    R18C26C.FCI to    R18C26C.FCO SLICE_30
ROUTE         1     0.000    R18C26C.FCO to    R18C26D.FCI n202
FCITOFCO_D  ---     0.071    R18C26D.FCI to    R18C26D.FCO SLICE_29
ROUTE         1     0.000    R18C26D.FCO to    R18C27A.FCI n203
FCITOFCO_D  ---     0.071    R18C27A.FCI to    R18C27A.FCO SLICE_28
ROUTE         1     0.000    R18C27A.FCO to    R18C27B.FCI n204
FCITOFCO_D  ---     0.071    R18C27B.FCI to    R18C27B.FCO SLICE_27
ROUTE         1     0.000    R18C27B.FCO to    R18C27C.FCI n205
FCITOFCO_D  ---     0.071    R18C27C.FCI to    R18C27C.FCO SLICE_26
ROUTE         1     0.000    R18C27C.FCO to    R18C27D.FCI n206
FCITOFCO_D  ---     0.071    R18C27D.FCI to    R18C27D.FCO SLICE_25
ROUTE         1     0.000    R18C27D.FCO to    R18C28A.FCI n207
FCITOFCO_D  ---     0.071    R18C28A.FCI to    R18C28A.FCO SLICE_24
ROUTE         1     0.000    R18C28A.FCO to    R18C28B.FCI n208
FCITOFCO_D  ---     0.071    R18C28B.FCI to    R18C28B.FCO SLICE_23
ROUTE         1     0.000    R18C28B.FCO to    R18C28C.FCI n209
FCITOFCO_D  ---     0.071    R18C28C.FCI to    R18C28C.FCO SLICE_22
ROUTE         1     0.000    R18C28C.FCO to    R18C28D.FCI n210
FCITOFCO_D  ---     0.071    R18C28D.FCI to    R18C28D.FCO SLICE_21
ROUTE         1     0.000    R18C28D.FCO to    R18C29A.FCI n211
FCITOFCO_D  ---     0.071    R18C29A.FCI to    R18C29A.FCO SLICE_20
ROUTE         1     0.000    R18C29A.FCO to    R18C29B.FCI n212
FCITOFCO_D  ---     0.071    R18C29B.FCI to    R18C29B.FCO SLICE_19
ROUTE         1     0.000    R18C29B.FCO to    R18C29C.FCI n213
FCITOFCO_D  ---     0.071    R18C29C.FCI to    R18C29C.FCO SLICE_1
ROUTE         1     0.000    R18C29C.FCO to    R18C29D.FCI n214
FCITOF1_DE  ---     0.474    R18C29D.FCI to     R18C29D.F1 SLICE_0
ROUTE        20     5.301     R18C29D.F1 to    R17C27B.LSR clk_25mhz_c_enable_1 (to clk_25mhz_c)
                  --------
                    8.948   (27.2% logic, 72.8% route), 17 logic levels.

 Clock Skew Details: 

      Source Clock Path clk_25mhz to swg/SLICE_2:

   Name    Fanout   Delay (ns)          Site               Resource
ROUTE        20     2.781       G2.PADDI to    R17C26A.CLK clk_25mhz_c
                  --------
                    2.781   (0.0% logic, 100.0% route), 0 logic levels.

      Destination Clock Path clk_25mhz to swg/SLICE_14:

   Name    Fanout   Delay (ns)          Site               Resource
ROUTE        20     2.781       G2.PADDI to    R17C27B.CLK clk_25mhz_c
                  --------
                    2.781   (0.0% logic, 100.0% route), 0 logic levels.


Passed: The following path meets requirements by 30.628ns

 Logical Details:  Cell type  Pin type       Cell/ASIC name  (clock net +/-)

   Source:         FF         Q              swg/counter_9__i0  (from clk_25mhz_c +)
   Destination:    FF         Data in        swg/counter_9__i14  (to clk_25mhz_c +)
                   FF                        swg/counter_9__i13

   Delay:               8.948ns  (27.2% logic, 72.8% route), 17 logic levels.

 Constraint Details:

      8.948ns physical path delay swg/SLICE_2 to swg/SLICE_12 meets
     40.000ns delay constraint less
      0.000ns skew and
      0.424ns LSR_SET requirement (totaling 39.576ns) by 30.628ns

 Physical Path Details:

      Data path swg/SLICE_2 to swg/SLICE_12:

   Name    Fanout   Delay (ns)          Site               Resource
REG_DEL     ---     0.522    R17C26A.CLK to     R17C26A.Q1 swg/SLICE_2 (from clk_25mhz_c)
ROUTE         2     1.210     R17C26A.Q1 to     R18C26A.A0 counter_0
C0TOFCO_DE  ---     0.447     R18C26A.A0 to    R18C26A.FCO SLICE_32
ROUTE         1     0.000    R18C26A.FCO to    R18C26B.FCI n200
FCITOFCO_D  ---     0.071    R18C26B.FCI to    R18C26B.FCO SLICE_31
ROUTE         1     0.000    R18C26B.FCO to    R18C26C.FCI n201
FCITOFCO_D  ---     0.071    R18C26C.FCI to    R18C26C.FCO SLICE_30
ROUTE         1     0.000    R18C26C.FCO to    R18C26D.FCI n202
FCITOFCO_D  ---     0.071    R18C26D.FCI to    R18C26D.FCO SLICE_29
ROUTE         1     0.000    R18C26D.FCO to    R18C27A.FCI n203
FCITOFCO_D  ---     0.071    R18C27A.FCI to    R18C27A.FCO SLICE_28
ROUTE         1     0.000    R18C27A.FCO to    R18C27B.FCI n204
FCITOFCO_D  ---     0.071    R18C27B.FCI to    R18C27B.FCO SLICE_27
ROUTE         1     0.000    R18C27B.FCO to    R18C27C.FCI n205
FCITOFCO_D  ---     0.071    R18C27C.FCI to    R18C27C.FCO SLICE_26
ROUTE         1     0.000    R18C27C.FCO to    R18C27D.FCI n206
FCITOFCO_D  ---     0.071    R18C27D.FCI to    R18C27D.FCO SLICE_25
ROUTE         1     0.000    R18C27D.FCO to    R18C28A.FCI n207
FCITOFCO_D  ---     0.071    R18C28A.FCI to    R18C28A.FCO SLICE_24
ROUTE         1     0.000    R18C28A.FCO to    R18C28B.FCI n208
FCITOFCO_D  ---     0.071    R18C28B.FCI to    R18C28B.FCO SLICE_23
ROUTE         1     0.000    R18C28B.FCO to    R18C28C.FCI n209
FCITOFCO_D  ---     0.071    R18C28C.FCI to    R18C28C.FCO SLICE_22
ROUTE         1     0.000    R18C28C.FCO to    R18C28D.FCI n210
FCITOFCO_D  ---     0.071    R18C28D.FCI to    R18C28D.FCO SLICE_21
ROUTE         1     0.000    R18C28D.FCO to    R18C29A.FCI n211
FCITOFCO_D  ---     0.071    R18C29A.FCI to    R18C29A.FCO SLICE_20
ROUTE         1     0.000    R18C29A.FCO to    R18C29B.FCI n212
FCITOFCO_D  ---     0.071    R18C29B.FCI to    R18C29B.FCO SLICE_19
ROUTE         1     0.000    R18C29B.FCO to    R18C29C.FCI n213
FCITOFCO_D  ---     0.071    R18C29C.FCI to    R18C29C.FCO SLICE_1
ROUTE         1     0.000    R18C29C.FCO to    R18C29D.FCI n214
FCITOF1_DE  ---     0.474    R18C29D.FCI to     R18C29D.F1 SLICE_0
ROUTE        20     5.301     R18C29D.F1 to    R17C27D.LSR clk_25mhz_c_enable_1 (to clk_25mhz_c)
                  --------
                    8.948   (27.2% logic, 72.8% route), 17 logic levels.

 Clock Skew Details: 

      Source Clock Path clk_25mhz to swg/SLICE_2:

   Name    Fanout   Delay (ns)          Site               Resource
ROUTE        20     2.781       G2.PADDI to    R17C26A.CLK clk_25mhz_c
                  --------
                    2.781   (0.0% logic, 100.0% route), 0 logic levels.

      Destination Clock Path clk_25mhz to swg/SLICE_12:

   Name    Fanout   Delay (ns)          Site               Resource
ROUTE        20     2.781       G2.PADDI to    R17C27D.CLK clk_25mhz_c
                  --------
                    2.781   (0.0% logic, 100.0% route), 0 logic levels.


Passed: The following path meets requirements by 30.628ns

 Logical Details:  Cell type  Pin type       Cell/ASIC name  (clock net +/-)

   Source:         FF         Q              swg/counter_9__i0  (from clk_25mhz_c +)
   Destination:    FF         Data in        swg/counter_9__i30  (to clk_25mhz_c +)
                   FF                        swg/counter_9__i29

   Delay:               8.948ns  (27.2% logic, 72.8% route), 17 logic levels.

 Constraint Details:

      8.948ns physical path delay swg/SLICE_2 to swg/SLICE_4 meets
     40.000ns delay constraint less
      0.000ns skew and
      0.424ns LSR_SET requirement (totaling 39.576ns) by 30.628ns

 Physical Path Details:

      Data path swg/SLICE_2 to swg/SLICE_4:

   Name    Fanout   Delay (ns)          Site               Resource
REG_DEL     ---     0.522    R17C26A.CLK to     R17C26A.Q1 swg/SLICE_2 (from clk_25mhz_c)
ROUTE         2     1.210     R17C26A.Q1 to     R18C26A.A0 counter_0
C0TOFCO_DE  ---     0.447     R18C26A.A0 to    R18C26A.FCO SLICE_32
ROUTE         1     0.000    R18C26A.FCO to    R18C26B.FCI n200
FCITOFCO_D  ---     0.071    R18C26B.FCI to    R18C26B.FCO SLICE_31
ROUTE         1     0.000    R18C26B.FCO to    R18C26C.FCI n201
FCITOFCO_D  ---     0.071    R18C26C.FCI to    R18C26C.FCO SLICE_30
ROUTE         1     0.000    R18C26C.FCO to    R18C26D.FCI n202
FCITOFCO_D  ---     0.071    R18C26D.FCI to    R18C26D.FCO SLICE_29
ROUTE         1     0.000    R18C26D.FCO to    R18C27A.FCI n203
FCITOFCO_D  ---     0.071    R18C27A.FCI to    R18C27A.FCO SLICE_28
ROUTE         1     0.000    R18C27A.FCO to    R18C27B.FCI n204
FCITOFCO_D  ---     0.071    R18C27B.FCI to    R18C27B.FCO SLICE_27
ROUTE         1     0.000    R18C27B.FCO to    R18C27C.FCI n205
FCITOFCO_D  ---     0.071    R18C27C.FCI to    R18C27C.FCO SLICE_26
ROUTE         1     0.000    R18C27C.FCO to    R18C27D.FCI n206
FCITOFCO_D  ---     0.071    R18C27D.FCI to    R18C27D.FCO SLICE_25
ROUTE         1     0.000    R18C27D.FCO to    R18C28A.FCI n207
FCITOFCO_D  ---     0.071    R18C28A.FCI to    R18C28A.FCO SLICE_24
ROUTE         1     0.000    R18C28A.FCO to    R18C28B.FCI n208
FCITOFCO_D  ---     0.071    R18C28B.FCI to    R18C28B.FCO SLICE_23
ROUTE         1     0.000    R18C28B.FCO to    R18C28C.FCI n209
FCITOFCO_D  ---     0.071    R18C28C.FCI to    R18C28C.FCO SLICE_22
ROUTE         1     0.000    R18C28C.FCO to    R18C28D.FCI n210
FCITOFCO_D  ---     0.071    R18C28D.FCI to    R18C28D.FCO SLICE_21
ROUTE         1     0.000    R18C28D.FCO to    R18C29A.FCI n211
FCITOFCO_D  ---     0.071    R18C29A.FCI to    R18C29A.FCO SLICE_20
ROUTE         1     0.000    R18C29A.FCO to    R18C29B.FCI n212
FCITOFCO_D  ---     0.071    R18C29B.FCI to    R18C29B.FCO SLICE_19
ROUTE         1     0.000    R18C29B.FCO to    R18C29C.FCI n213
FCITOFCO_D  ---     0.071    R18C29C.FCI to    R18C29C.FCO SLICE_1
ROUTE         1     0.000    R18C29C.FCO to    R18C29D.FCI n214
FCITOF1_DE  ---     0.474    R18C29D.FCI to     R18C29D.F1 SLICE_0
ROUTE        20     5.301     R18C29D.F1 to    R17C29D.LSR clk_25mhz_c_enable_1 (to clk_25mhz_c)
                  --------
                    8.948   (27.2% logic, 72.8% route), 17 logic levels.

 Clock Skew Details: 

      Source Clock Path clk_25mhz to swg/SLICE_2:

   Name    Fanout   Delay (ns)          Site               Resource
ROUTE        20     2.781       G2.PADDI to    R17C26A.CLK clk_25mhz_c
                  --------
                    2.781   (0.0% logic, 100.0% route), 0 logic levels.

      Destination Clock Path clk_25mhz to swg/SLICE_4:

   Name    Fanout   Delay (ns)          Site               Resource
ROUTE        20     2.781       G2.PADDI to    R17C29D.CLK clk_25mhz_c
                  --------
                    2.781   (0.0% logic, 100.0% route), 0 logic levels.


Passed: The following path meets requirements by 30.628ns

 Logical Details:  Cell type  Pin type       Cell/ASIC name  (clock net +/-)

   Source:         FF         Q              swg/counter_9__i0  (from clk_25mhz_c +)
   Destination:    FF         Data in        swg/counter_9__i6  (to clk_25mhz_c +)
                   FF                        swg/counter_9__i5

   Delay:               8.948ns  (27.2% logic, 72.8% route), 17 logic levels.

 Constraint Details:

      8.948ns physical path delay swg/SLICE_2 to swg/SLICE_16 meets
     40.000ns delay constraint less
      0.000ns skew and
      0.424ns LSR_SET requirement (totaling 39.576ns) by 30.628ns

 Physical Path Details:

      Data path swg/SLICE_2 to swg/SLICE_16:

   Name    Fanout   Delay (ns)          Site               Resource
REG_DEL     ---     0.522    R17C26A.CLK to     R17C26A.Q1 swg/SLICE_2 (from clk_25mhz_c)
ROUTE         2     1.210     R17C26A.Q1 to     R18C26A.A0 counter_0
C0TOFCO_DE  ---     0.447     R18C26A.A0 to    R18C26A.FCO SLICE_32
ROUTE         1     0.000    R18C26A.FCO to    R18C26B.FCI n200
FCITOFCO_D  ---     0.071    R18C26B.FCI to    R18C26B.FCO SLICE_31
ROUTE         1     0.000    R18C26B.FCO to    R18C26C.FCI n201
FCITOFCO_D  ---     0.071    R18C26C.FCI to    R18C26C.FCO SLICE_30
ROUTE         1     0.000    R18C26C.FCO to    R18C26D.FCI n202
FCITOFCO_D  ---     0.071    R18C26D.FCI to    R18C26D.FCO SLICE_29
ROUTE         1     0.000    R18C26D.FCO to    R18C27A.FCI n203
FCITOFCO_D  ---     0.071    R18C27A.FCI to    R18C27A.FCO SLICE_28
ROUTE         1     0.000    R18C27A.FCO to    R18C27B.FCI n204
FCITOFCO_D  ---     0.071    R18C27B.FCI to    R18C27B.FCO SLICE_27
ROUTE         1     0.000    R18C27B.FCO to    R18C27C.FCI n205
FCITOFCO_D  ---     0.071    R18C27C.FCI to    R18C27C.FCO SLICE_26
ROUTE         1     0.000    R18C27C.FCO to    R18C27D.FCI n206
FCITOFCO_D  ---     0.071    R18C27D.FCI to    R18C27D.FCO SLICE_25
ROUTE         1     0.000    R18C27D.FCO to    R18C28A.FCI n207
FCITOFCO_D  ---     0.071    R18C28A.FCI to    R18C28A.FCO SLICE_24
ROUTE         1     0.000    R18C28A.FCO to    R18C28B.FCI n208
FCITOFCO_D  ---     0.071    R18C28B.FCI to    R18C28B.FCO SLICE_23
ROUTE         1     0.000    R18C28B.FCO to    R18C28C.FCI n209
FCITOFCO_D  ---     0.071    R18C28C.FCI to    R18C28C.FCO SLICE_22
ROUTE         1     0.000    R18C28C.FCO to    R18C28D.FCI n210
FCITOFCO_D  ---     0.071    R18C28D.FCI to    R18C28D.FCO SLICE_21
ROUTE         1     0.000    R18C28D.FCO to    R18C29A.FCI n211
FCITOFCO_D  ---     0.071    R18C29A.FCI to    R18C29A.FCO SLICE_20
ROUTE         1     0.000    R18C29A.FCO to    R18C29B.FCI n212
FCITOFCO_D  ---     0.071    R18C29B.FCI to    R18C29B.FCO SLICE_19
ROUTE         1     0.000    R18C29B.FCO to    R18C29C.FCI n213
FCITOFCO_D  ---     0.071    R18C29C.FCI to    R18C29C.FCO SLICE_1
ROUTE         1     0.000    R18C29C.FCO to    R18C29D.FCI n214
FCITOF1_DE  ---     0.474    R18C29D.FCI to     R18C29D.F1 SLICE_0
ROUTE        20     5.301     R18C29D.F1 to    R17C26D.LSR clk_25mhz_c_enable_1 (to clk_25mhz_c)
                  --------
                    8.948   (27.2% logic, 72.8% route), 17 logic levels.

 Clock Skew Details: 

      Source Clock Path clk_25mhz to swg/SLICE_2:

   Name    Fanout   Delay (ns)          Site               Resource
ROUTE        20     2.781       G2.PADDI to    R17C26A.CLK clk_25mhz_c
                  --------
                    2.781   (0.0% logic, 100.0% route), 0 logic levels.

      Destination Clock Path clk_25mhz to swg/SLICE_16:

   Name    Fanout   Delay (ns)          Site               Resource
ROUTE        20     2.781       G2.PADDI to    R17C26D.CLK clk_25mhz_c
                  --------
                    2.781   (0.0% logic, 100.0% route), 0 logic levels.


Passed: The following path meets requirements by 30.628ns

 Logical Details:  Cell type  Pin type       Cell/ASIC name  (clock net +/-)

   Source:         FF         Q              swg/counter_9__i0  (from clk_25mhz_c +)
   Destination:    FF         Data in        swg/counter_9__i22  (to clk_25mhz_c +)
                   FF                        swg/counter_9__i21

   Delay:               8.948ns  (27.2% logic, 72.8% route), 17 logic levels.

 Constraint Details:

      8.948ns physical path delay swg/SLICE_2 to swg/SLICE_8 meets
     40.000ns delay constraint less
      0.000ns skew and
      0.424ns LSR_SET requirement (totaling 39.576ns) by 30.628ns

 Physical Path Details:

      Data path swg/SLICE_2 to swg/SLICE_8:

   Name    Fanout   Delay (ns)          Site               Resource
REG_DEL     ---     0.522    R17C26A.CLK to     R17C26A.Q1 swg/SLICE_2 (from clk_25mhz_c)
ROUTE         2     1.210     R17C26A.Q1 to     R18C26A.A0 counter_0
C0TOFCO_DE  ---     0.447     R18C26A.A0 to    R18C26A.FCO SLICE_32
ROUTE         1     0.000    R18C26A.FCO to    R18C26B.FCI n200
FCITOFCO_D  ---     0.071    R18C26B.FCI to    R18C26B.FCO SLICE_31
ROUTE         1     0.000    R18C26B.FCO to    R18C26C.FCI n201
FCITOFCO_D  ---     0.071    R18C26C.FCI to    R18C26C.FCO SLICE_30
ROUTE         1     0.000    R18C26C.FCO to    R18C26D.FCI n202
FCITOFCO_D  ---     0.071    R18C26D.FCI to    R18C26D.FCO SLICE_29
ROUTE         1     0.000    R18C26D.FCO to    R18C27A.FCI n203
FCITOFCO_D  ---     0.071    R18C27A.FCI to    R18C27A.FCO SLICE_28
ROUTE         1     0.000    R18C27A.FCO to    R18C27B.FCI n204
FCITOFCO_D  ---     0.071    R18C27B.FCI to    R18C27B.FCO SLICE_27
ROUTE         1     0.000    R18C27B.FCO to    R18C27C.FCI n205
FCITOFCO_D  ---     0.071    R18C27C.FCI to    R18C27C.FCO SLICE_26
ROUTE         1     0.000    R18C27C.FCO to    R18C27D.FCI n206
FCITOFCO_D  ---     0.071    R18C27D.FCI to    R18C27D.FCO SLICE_25
ROUTE         1     0.000    R18C27D.FCO to    R18C28A.FCI n207
FCITOFCO_D  ---     0.071    R18C28A.FCI to    R18C28A.FCO SLICE_24
ROUTE         1     0.000    R18C28A.FCO to    R18C28B.FCI n208
FCITOFCO_D  ---     0.071    R18C28B.FCI to    R18C28B.FCO SLICE_23
ROUTE         1     0.000    R18C28B.FCO to    R18C28C.FCI n209
FCITOFCO_D  ---     0.071    R18C28C.FCI to    R18C28C.FCO SLICE_22
ROUTE         1     0.000    R18C28C.FCO to    R18C28D.FCI n210
FCITOFCO_D  ---     0.071    R18C28D.FCI to    R18C28D.FCO SLICE_21
ROUTE         1     0.000    R18C28D.FCO to    R18C29A.FCI n211
FCITOFCO_D  ---     0.071    R18C29A.FCI to    R18C29A.FCO SLICE_20
ROUTE         1     0.000    R18C29A.FCO to    R18C29B.FCI n212
FCITOFCO_D  ---     0.071    R18C29B.FCI to    R18C29B.FCO SLICE_19
ROUTE         1     0.000    R18C29B.FCO to    R18C29C.FCI n213
FCITOFCO_D  ---     0.071    R18C29C.FCI to    R18C29C.FCO SLICE_1
ROUTE         1     0.000    R18C29C.FCO to    R18C29D.FCI n214
FCITOF1_DE  ---     0.474    R18C29D.FCI to     R18C29D.F1 SLICE_0
ROUTE        20     5.301     R18C29D.F1 to    R17C28D.LSR clk_25mhz_c_enable_1 (to clk_25mhz_c)
                  --------
                    8.948   (27.2% logic, 72.8% route), 17 logic levels.

 Clock Skew Details: 

      Source Clock Path clk_25mhz to swg/SLICE_2:

   Name    Fanout   Delay (ns)          Site               Resource
ROUTE        20     2.781       G2.PADDI to    R17C26A.CLK clk_25mhz_c
                  --------
                    2.781   (0.0% logic, 100.0% route), 0 logic levels.

      Destination Clock Path clk_25mhz to swg/SLICE_8:

   Name    Fanout   Delay (ns)          Site               Resource
ROUTE        20     2.781       G2.PADDI to    R17C28D.CLK clk_25mhz_c
                  --------
                    2.781   (0.0% logic, 100.0% route), 0 logic levels.


Passed: The following path meets requirements by 30.628ns

 Logical Details:  Cell type  Pin type       Cell/ASIC name  (clock net +/-)

   Source:         FF         Q              swg/counter_9__i0  (from clk_25mhz_c +)
   Destination:    FF         Data in        swg/counter_9__i26  (to clk_25mhz_c +)
                   FF                        swg/counter_9__i25

   Delay:               8.948ns  (27.2% logic, 72.8% route), 17 logic levels.

 Constraint Details:

      8.948ns physical path delay swg/SLICE_2 to swg/SLICE_6 meets
     40.000ns delay constraint less
      0.000ns skew and
      0.424ns LSR_SET requirement (totaling 39.576ns) by 30.628ns

 Physical Path Details:

      Data path swg/SLICE_2 to swg/SLICE_6:

   Name    Fanout   Delay (ns)          Site               Resource
REG_DEL     ---     0.522    R17C26A.CLK to     R17C26A.Q1 swg/SLICE_2 (from clk_25mhz_c)
ROUTE         2     1.210     R17C26A.Q1 to     R18C26A.A0 counter_0
C0TOFCO_DE  ---     0.447     R18C26A.A0 to    R18C26A.FCO SLICE_32
ROUTE         1     0.000    R18C26A.FCO to    R18C26B.FCI n200
FCITOFCO_D  ---     0.071    R18C26B.FCI to    R18C26B.FCO SLICE_31
ROUTE         1     0.000    R18C26B.FCO to    R18C26C.FCI n201
FCITOFCO_D  ---     0.071    R18C26C.FCI to    R18C26C.FCO SLICE_30
ROUTE         1     0.000    R18C26C.FCO to    R18C26D.FCI n202
FCITOFCO_D  ---     0.071    R18C26D.FCI to    R18C26D.FCO SLICE_29
ROUTE         1     0.000    R18C26D.FCO to    R18C27A.FCI n203
FCITOFCO_D  ---     0.071    R18C27A.FCI to    R18C27A.FCO SLICE_28
ROUTE         1     0.000    R18C27A.FCO to    R18C27B.FCI n204
FCITOFCO_D  ---     0.071    R18C27B.FCI to    R18C27B.FCO SLICE_27
ROUTE         1     0.000    R18C27B.FCO to    R18C27C.FCI n205
FCITOFCO_D  ---     0.071    R18C27C.FCI to    R18C27C.FCO SLICE_26
ROUTE         1     0.000    R18C27C.FCO to    R18C27D.FCI n206
FCITOFCO_D  ---     0.071    R18C27D.FCI to    R18C27D.FCO SLICE_25
ROUTE         1     0.000    R18C27D.FCO to    R18C28A.FCI n207
FCITOFCO_D  ---     0.071    R18C28A.FCI to    R18C28A.FCO SLICE_24
ROUTE         1     0.000    R18C28A.FCO to    R18C28B.FCI n208
FCITOFCO_D  ---     0.071    R18C28B.FCI to    R18C28B.FCO SLICE_23
ROUTE         1     0.000    R18C28B.FCO to    R18C28C.FCI n209
FCITOFCO_D  ---     0.071    R18C28C.FCI to    R18C28C.FCO SLICE_22
ROUTE         1     0.000    R18C28C.FCO to    R18C28D.FCI n210
FCITOFCO_D  ---     0.071    R18C28D.FCI to    R18C28D.FCO SLICE_21
ROUTE         1     0.000    R18C28D.FCO to    R18C29A.FCI n211
FCITOFCO_D  ---     0.071    R18C29A.FCI to    R18C29A.FCO SLICE_20
ROUTE         1     0.000    R18C29A.FCO to    R18C29B.FCI n212
FCITOFCO_D  ---     0.071    R18C29B.FCI to    R18C29B.FCO SLICE_19
ROUTE         1     0.000    R18C29B.FCO to    R18C29C.FCI n213
FCITOFCO_D  ---     0.071    R18C29C.FCI to    R18C29C.FCO SLICE_1
ROUTE         1     0.000    R18C29C.FCO to    R18C29D.FCI n214
FCITOF1_DE  ---     0.474    R18C29D.FCI to     R18C29D.F1 SLICE_0
ROUTE        20     5.301     R18C29D.F1 to    R17C29B.LSR clk_25mhz_c_enable_1 (to clk_25mhz_c)
                  --------
                    8.948   (27.2% logic, 72.8% route), 17 logic levels.

 Clock Skew Details: 

      Source Clock Path clk_25mhz to swg/SLICE_2:

   Name    Fanout   Delay (ns)          Site               Resource
ROUTE        20     2.781       G2.PADDI to    R17C26A.CLK clk_25mhz_c
                  --------
                    2.781   (0.0% logic, 100.0% route), 0 logic levels.

      Destination Clock Path clk_25mhz to swg/SLICE_6:

   Name    Fanout   Delay (ns)          Site               Resource
ROUTE        20     2.781       G2.PADDI to    R17C29B.CLK clk_25mhz_c
                  --------
                    2.781   (0.0% logic, 100.0% route), 0 logic levels.


Passed: The following path meets requirements by 30.628ns

 Logical Details:  Cell type  Pin type       Cell/ASIC name  (clock net +/-)

   Source:         FF         Q              swg/counter_9__i0  (from clk_25mhz_c +)
   Destination:    FF         Data in        swg/counter_9__i0  (to clk_25mhz_c +)

   Delay:               8.948ns  (27.2% logic, 72.8% route), 17 logic levels.

 Constraint Details:

      8.948ns physical path delay swg/SLICE_2 to swg/SLICE_2 meets
     40.000ns delay constraint less
      0.000ns skew and
      0.424ns LSR_SET requirement (totaling 39.576ns) by 30.628ns

 Physical Path Details:

      Data path swg/SLICE_2 to swg/SLICE_2:

   Name    Fanout   Delay (ns)          Site               Resource
REG_DEL     ---     0.522    R17C26A.CLK to     R17C26A.Q1 swg/SLICE_2 (from clk_25mhz_c)
ROUTE         2     1.210     R17C26A.Q1 to     R18C26A.A0 counter_0
C0TOFCO_DE  ---     0.447     R18C26A.A0 to    R18C26A.FCO SLICE_32
ROUTE         1     0.000    R18C26A.FCO to    R18C26B.FCI n200
FCITOFCO_D  ---     0.071    R18C26B.FCI to    R18C26B.FCO SLICE_31
ROUTE         1     0.000    R18C26B.FCO to    R18C26C.FCI n201
FCITOFCO_D  ---     0.071    R18C26C.FCI to    R18C26C.FCO SLICE_30
ROUTE         1     0.000    R18C26C.FCO to    R18C26D.FCI n202
FCITOFCO_D  ---     0.071    R18C26D.FCI to    R18C26D.FCO SLICE_29
ROUTE         1     0.000    R18C26D.FCO to    R18C27A.FCI n203
FCITOFCO_D  ---     0.071    R18C27A.FCI to    R18C27A.FCO SLICE_28
ROUTE         1     0.000    R18C27A.FCO to    R18C27B.FCI n204
FCITOFCO_D  ---     0.071    R18C27B.FCI to    R18C27B.FCO SLICE_27
ROUTE         1     0.000    R18C27B.FCO to    R18C27C.FCI n205
FCITOFCO_D  ---     0.071    R18C27C.FCI to    R18C27C.FCO SLICE_26
ROUTE         1     0.000    R18C27C.FCO to    R18C27D.FCI n206
FCITOFCO_D  ---     0.071    R18C27D.FCI to    R18C27D.FCO SLICE_25
ROUTE         1     0.000    R18C27D.FCO to    R18C28A.FCI n207
FCITOFCO_D  ---     0.071    R18C28A.FCI to    R18C28A.FCO SLICE_24
ROUTE         1     0.000    R18C28A.FCO to    R18C28B.FCI n208
FCITOFCO_D  ---     0.071    R18C28B.FCI to    R18C28B.FCO SLICE_23
ROUTE         1     0.000    R18C28B.FCO to    R18C28C.FCI n209
FCITOFCO_D  ---     0.071    R18C28C.FCI to    R18C28C.FCO SLICE_22
ROUTE         1     0.000    R18C28C.FCO to    R18C28D.FCI n210
FCITOFCO_D  ---     0.071    R18C28D.FCI to    R18C28D.FCO SLICE_21
ROUTE         1     0.000    R18C28D.FCO to    R18C29A.FCI n211
FCITOFCO_D  ---     0.071    R18C29A.FCI to    R18C29A.FCO SLICE_20
ROUTE         1     0.000    R18C29A.FCO to    R18C29B.FCI n212
FCITOFCO_D  ---     0.071    R18C29B.FCI to    R18C29B.FCO SLICE_19
ROUTE         1     0.000    R18C29B.FCO to    R18C29C.FCI n213
FCITOFCO_D  ---     0.071    R18C29C.FCI to    R18C29C.FCO SLICE_1
ROUTE         1     0.000    R18C29C.FCO to    R18C29D.FCI n214
FCITOF1_DE  ---     0.474    R18C29D.FCI to     R18C29D.F1 SLICE_0
ROUTE        20     5.301     R18C29D.F1 to    R17C26A.LSR clk_25mhz_c_enable_1 (to clk_25mhz_c)
                  --------
                    8.948   (27.2% logic, 72.8% route), 17 logic levels.

 Clock Skew Details: 

      Source Clock Path clk_25mhz to swg/SLICE_2:

   Name    Fanout   Delay (ns)          Site               Resource
ROUTE        20     2.781       G2.PADDI to    R17C26A.CLK clk_25mhz_c
                  --------
                    2.781   (0.0% logic, 100.0% route), 0 logic levels.

      Destination Clock Path clk_25mhz to swg/SLICE_2:

   Name    Fanout   Delay (ns)          Site               Resource
ROUTE        20     2.781       G2.PADDI to    R17C26A.CLK clk_25mhz_c
                  --------
                    2.781   (0.0% logic, 100.0% route), 0 logic levels.


Passed: The following path meets requirements by 30.628ns

 Logical Details:  Cell type  Pin type       Cell/ASIC name  (clock net +/-)

   Source:         FF         Q              swg/counter_9__i0  (from clk_25mhz_c +)
   Destination:    FF         Data in        swg/counter_9__i8  (to clk_25mhz_c +)
                   FF                        swg/counter_9__i7

   Delay:               8.948ns  (27.2% logic, 72.8% route), 17 logic levels.

 Constraint Details:

      8.948ns physical path delay swg/SLICE_2 to swg/SLICE_15 meets
     40.000ns delay constraint less
      0.000ns skew and
      0.424ns LSR_SET requirement (totaling 39.576ns) by 30.628ns

 Physical Path Details:

      Data path swg/SLICE_2 to swg/SLICE_15:

   Name    Fanout   Delay (ns)          Site               Resource
REG_DEL     ---     0.522    R17C26A.CLK to     R17C26A.Q1 swg/SLICE_2 (from clk_25mhz_c)
ROUTE         2     1.210     R17C26A.Q1 to     R18C26A.A0 counter_0
C0TOFCO_DE  ---     0.447     R18C26A.A0 to    R18C26A.FCO SLICE_32
ROUTE         1     0.000    R18C26A.FCO to    R18C26B.FCI n200
FCITOFCO_D  ---     0.071    R18C26B.FCI to    R18C26B.FCO SLICE_31
ROUTE         1     0.000    R18C26B.FCO to    R18C26C.FCI n201
FCITOFCO_D  ---     0.071    R18C26C.FCI to    R18C26C.FCO SLICE_30
ROUTE         1     0.000    R18C26C.FCO to    R18C26D.FCI n202
FCITOFCO_D  ---     0.071    R18C26D.FCI to    R18C26D.FCO SLICE_29
ROUTE         1     0.000    R18C26D.FCO to    R18C27A.FCI n203
FCITOFCO_D  ---     0.071    R18C27A.FCI to    R18C27A.FCO SLICE_28
ROUTE         1     0.000    R18C27A.FCO to    R18C27B.FCI n204
FCITOFCO_D  ---     0.071    R18C27B.FCI to    R18C27B.FCO SLICE_27
ROUTE         1     0.000    R18C27B.FCO to    R18C27C.FCI n205
FCITOFCO_D  ---     0.071    R18C27C.FCI to    R18C27C.FCO SLICE_26
ROUTE         1     0.000    R18C27C.FCO to    R18C27D.FCI n206
FCITOFCO_D  ---     0.071    R18C27D.FCI to    R18C27D.FCO SLICE_25
ROUTE         1     0.000    R18C27D.FCO to    R18C28A.FCI n207
FCITOFCO_D  ---     0.071    R18C28A.FCI to    R18C28A.FCO SLICE_24
ROUTE         1     0.000    R18C28A.FCO to    R18C28B.FCI n208
FCITOFCO_D  ---     0.071    R18C28B.FCI to    R18C28B.FCO SLICE_23
ROUTE         1     0.000    R18C28B.FCO to    R18C28C.FCI n209
FCITOFCO_D  ---     0.071    R18C28C.FCI to    R18C28C.FCO SLICE_22
ROUTE         1     0.000    R18C28C.FCO to    R18C28D.FCI n210
FCITOFCO_D  ---     0.071    R18C28D.FCI to    R18C28D.FCO SLICE_21
ROUTE         1     0.000    R18C28D.FCO to    R18C29A.FCI n211
FCITOFCO_D  ---     0.071    R18C29A.FCI to    R18C29A.FCO SLICE_20
ROUTE         1     0.000    R18C29A.FCO to    R18C29B.FCI n212
FCITOFCO_D  ---     0.071    R18C29B.FCI to    R18C29B.FCO SLICE_19
ROUTE         1     0.000    R18C29B.FCO to    R18C29C.FCI n213
FCITOFCO_D  ---     0.071    R18C29C.FCI to    R18C29C.FCO SLICE_1
ROUTE         1     0.000    R18C29C.FCO to    R18C29D.FCI n214
FCITOF1_DE  ---     0.474    R18C29D.FCI to     R18C29D.F1 SLICE_0
ROUTE        20     5.301     R18C29D.F1 to    R17C27A.LSR clk_25mhz_c_enable_1 (to clk_25mhz_c)
                  --------
                    8.948   (27.2% logic, 72.8% route), 17 logic levels.

 Clock Skew Details: 

      Source Clock Path clk_25mhz to swg/SLICE_2:

   Name    Fanout   Delay (ns)          Site               Resource
ROUTE        20     2.781       G2.PADDI to    R17C26A.CLK clk_25mhz_c
                  --------
                    2.781   (0.0% logic, 100.0% route), 0 logic levels.

      Destination Clock Path clk_25mhz to swg/SLICE_15:

   Name    Fanout   Delay (ns)          Site               Resource
ROUTE        20     2.781       G2.PADDI to    R17C27A.CLK clk_25mhz_c
                  --------
                    2.781   (0.0% logic, 100.0% route), 0 logic levels.


Passed: The following path meets requirements by 30.628ns

 Logical Details:  Cell type  Pin type       Cell/ASIC name  (clock net +/-)

   Source:         FF         Q              swg/counter_9__i0  (from clk_25mhz_c +)
   Destination:    FF         Data in        swg/counter_9__i4  (to clk_25mhz_c +)
                   FF                        swg/counter_9__i3

   Delay:               8.948ns  (27.2% logic, 72.8% route), 17 logic levels.

 Constraint Details:

      8.948ns physical path delay swg/SLICE_2 to swg/SLICE_17 meets
     40.000ns delay constraint less
      0.000ns skew and
      0.424ns LSR_SET requirement (totaling 39.576ns) by 30.628ns

 Physical Path Details:

      Data path swg/SLICE_2 to swg/SLICE_17:

   Name    Fanout   Delay (ns)          Site               Resource
REG_DEL     ---     0.522    R17C26A.CLK to     R17C26A.Q1 swg/SLICE_2 (from clk_25mhz_c)
ROUTE         2     1.210     R17C26A.Q1 to     R18C26A.A0 counter_0
C0TOFCO_DE  ---     0.447     R18C26A.A0 to    R18C26A.FCO SLICE_32
ROUTE         1     0.000    R18C26A.FCO to    R18C26B.FCI n200
FCITOFCO_D  ---     0.071    R18C26B.FCI to    R18C26B.FCO SLICE_31
ROUTE         1     0.000    R18C26B.FCO to    R18C26C.FCI n201
FCITOFCO_D  ---     0.071    R18C26C.FCI to    R18C26C.FCO SLICE_30
ROUTE         1     0.000    R18C26C.FCO to    R18C26D.FCI n202
FCITOFCO_D  ---     0.071    R18C26D.FCI to    R18C26D.FCO SLICE_29
ROUTE         1     0.000    R18C26D.FCO to    R18C27A.FCI n203
FCITOFCO_D  ---     0.071    R18C27A.FCI to    R18C27A.FCO SLICE_28
ROUTE         1     0.000    R18C27A.FCO to    R18C27B.FCI n204
FCITOFCO_D  ---     0.071    R18C27B.FCI to    R18C27B.FCO SLICE_27
ROUTE         1     0.000    R18C27B.FCO to    R18C27C.FCI n205
FCITOFCO_D  ---     0.071    R18C27C.FCI to    R18C27C.FCO SLICE_26
ROUTE         1     0.000    R18C27C.FCO to    R18C27D.FCI n206
FCITOFCO_D  ---     0.071    R18C27D.FCI to    R18C27D.FCO SLICE_25
ROUTE         1     0.000    R18C27D.FCO to    R18C28A.FCI n207
FCITOFCO_D  ---     0.071    R18C28A.FCI to    R18C28A.FCO SLICE_24
ROUTE         1     0.000    R18C28A.FCO to    R18C28B.FCI n208
FCITOFCO_D  ---     0.071    R18C28B.FCI to    R18C28B.FCO SLICE_23
ROUTE         1     0.000    R18C28B.FCO to    R18C28C.FCI n209
FCITOFCO_D  ---     0.071    R18C28C.FCI to    R18C28C.FCO SLICE_22
ROUTE         1     0.000    R18C28C.FCO to    R18C28D.FCI n210
FCITOFCO_D  ---     0.071    R18C28D.FCI to    R18C28D.FCO SLICE_21
ROUTE         1     0.000    R18C28D.FCO to    R18C29A.FCI n211
FCITOFCO_D  ---     0.071    R18C29A.FCI to    R18C29A.FCO SLICE_20
ROUTE         1     0.000    R18C29A.FCO to    R18C29B.FCI n212
FCITOFCO_D  ---     0.071    R18C29B.FCI to    R18C29B.FCO SLICE_19
ROUTE         1     0.000    R18C29B.FCO to    R18C29C.FCI n213
FCITOFCO_D  ---     0.071    R18C29C.FCI to    R18C29C.FCO SLICE_1
ROUTE         1     0.000    R18C29C.FCO to    R18C29D.FCI n214
FCITOF1_DE  ---     0.474    R18C29D.FCI to     R18C29D.F1 SLICE_0
ROUTE        20     5.301     R18C29D.F1 to    R17C26C.LSR clk_25mhz_c_enable_1 (to clk_25mhz_c)
                  --------
                    8.948   (27.2% logic, 72.8% route), 17 logic levels.

 Clock Skew Details: 

      Source Clock Path clk_25mhz to swg/SLICE_2:

   Name    Fanout   Delay (ns)          Site               Resource
ROUTE        20     2.781       G2.PADDI to    R17C26A.CLK clk_25mhz_c
                  --------
                    2.781   (0.0% logic, 100.0% route), 0 logic levels.

      Destination Clock Path clk_25mhz to swg/SLICE_17:

   Name    Fanout   Delay (ns)          Site               Resource
ROUTE        20     2.781       G2.PADDI to    R17C26C.CLK clk_25mhz_c
                  --------
                    2.781   (0.0% logic, 100.0% route), 0 logic levels.

Report:  106.701MHz is the maximum frequency for this preference.

Report Summary
--------------
----------------------------------------------------------------------------
Preference                              |   Constraint|       Actual|Levels
----------------------------------------------------------------------------
                                        |             |             |
FREQUENCY PORT "clk_25mhz" 25.000000    |             |             |
MHz ;                                   |   25.000 MHz|  106.701 MHz|  17  
                                        |             |             |
----------------------------------------------------------------------------


All preferences were met.


Clock Domains Analysis
------------------------

Found 1 clocks:

Clock Domain: clk_25mhz_c   Source: clk_25mhz.PAD   Loads: 20
   Covered under: FREQUENCY PORT "clk_25mhz" 25.000000 MHz ;


Timing summary (Setup):
---------------

Timing errors: 0  Score: 0
Cumulative negative slack: 0

Constraints cover 1171 paths, 1 nets, and 173 connections (98.30% coverage)

--------------------------------------------------------------------------------
Lattice TRACE Report - Hold, Version Diamond (64-bit) 3.13.0.56.2
Fri Mar 15 12:48:40 2024

Copyright (c) 1991-1994 by NeoCAD Inc. All rights reserved.
Copyright (c) 1995 AT&T Corp.   All rights reserved.
Copyright (c) 1995-2001 Lucent Technologies Inc.  All rights reserved.
Copyright (c) 2001 Agere Systems   All rights reserved.
Copyright (c) 2002-2023 Lattice Semiconductor Corporation,  All rights reserved.

Report Information
------------------
Command line:    trce -v 10 -gt -sethld -sp 6 -sphld m -o SpeakerTest_Second_Implementation.twr -gui SpeakerTest_Second_Implementation.ncd SpeakerTest_Second_Implementation.prf 
Design file:     SpeakerTest_Second_Implementation.ncd
Preference file: SpeakerTest_Second_Implementation.prf
Device,speed:    LFE5U-85F,m
Report level:    verbose report, limited to 10 items per preference
--------------------------------------------------------------------------------

BLOCK ASYNCPATHS
BLOCK RESETPATHS
--------------------------------------------------------------------------------



================================================================================
Preference: FREQUENCY PORT "clk_25mhz" 25.000000 MHz ;
            1171 items scored, 0 timing errors detected.
--------------------------------------------------------------------------------


Passed: The following path meets requirements by 0.178ns

 Logical Details:  Cell type  Pin type       Cell/ASIC name  (clock net +/-)

   Source:         FF         Q              swg/wave_outP_17  (from clk_25mhz_c +)
   Destination:    FF         Data in        swg/wave_outN_19  (to clk_25mhz_c +)

   Delay:               0.296ns  (55.4% logic, 44.6% route), 1 logic levels.

 Constraint Details:

      0.296ns physical path delay swg/SLICE_35 to swg/SLICE_34 meets
      0.118ns M_HLD and
      0.000ns delay constraint less
      0.000ns skew requirement (totaling 0.118ns) by 0.178ns

 Physical Path Details:

      Data path swg/SLICE_35 to swg/SLICE_34:

   Name    Fanout   Delay (ns)          Site               Resource
REG_DEL     ---     0.164     R2C65C.CLK to      R2C65C.Q0 swg/SLICE_35 (from clk_25mhz_c)
ROUTE         3     0.132      R2C65C.Q0 to      R2C65A.M0 wave_outP_c (to clk_25mhz_c)
                  --------
                    0.296   (55.4% logic, 44.6% route), 1 logic levels.

 Clock Skew Details: 

      Source Clock Path clk_25mhz to swg/SLICE_35:

   Name    Fanout   Delay (ns)          Site               Resource
ROUTE        20     0.911       G2.PADDI to     R2C65C.CLK clk_25mhz_c
                  --------
                    0.911   (0.0% logic, 100.0% route), 0 logic levels.

      Destination Clock Path clk_25mhz to swg/SLICE_34:

   Name    Fanout   Delay (ns)          Site               Resource
ROUTE        20     0.911       G2.PADDI to     R2C65A.CLK clk_25mhz_c
                  --------
                    0.911   (0.0% logic, 100.0% route), 0 logic levels.


Passed: The following path meets requirements by 0.192ns

 Logical Details:  Cell type  Pin type       Cell/ASIC name  (clock net +/-)

   Source:         FF         Q              swg/led_20  (from clk_25mhz_c +)
   Destination:    FF         Data in        swg/led_20  (to clk_25mhz_c +)

   Delay:               0.311ns  (77.2% logic, 22.8% route), 2 logic levels.

 Constraint Details:

      0.311ns physical path delay swg/SLICE_33 to swg/SLICE_33 meets
      0.119ns DIN_HLD and
      0.000ns delay constraint less
      0.000ns skew requirement (totaling 0.119ns) by 0.192ns

 Physical Path Details:

      Data path swg/SLICE_33 to swg/SLICE_33:

   Name    Fanout   Delay (ns)          Site               Resource
REG_DEL     ---     0.164     R35C2C.CLK to      R35C2C.Q0 swg/SLICE_33 (from clk_25mhz_c)
ROUTE         2     0.071      R35C2C.Q0 to      R35C2C.C0 led_c_1
CTOF_DEL    ---     0.076      R35C2C.C0 to      R35C2C.F0 swg/SLICE_33
ROUTE         1     0.000      R35C2C.F0 to     R35C2C.DI0 swg/led_N_66 (to clk_25mhz_c)
                  --------
                    0.311   (77.2% logic, 22.8% route), 2 logic levels.

 Clock Skew Details: 

      Source Clock Path clk_25mhz to swg/SLICE_33:

   Name    Fanout   Delay (ns)          Site               Resource
ROUTE        20     0.911       G2.PADDI to     R35C2C.CLK clk_25mhz_c
                  --------
                    0.911   (0.0% logic, 100.0% route), 0 logic levels.

      Destination Clock Path clk_25mhz to swg/SLICE_33:

   Name    Fanout   Delay (ns)          Site               Resource
ROUTE        20     0.911       G2.PADDI to     R35C2C.CLK clk_25mhz_c
                  --------
                    0.911   (0.0% logic, 100.0% route), 0 logic levels.


Passed: The following path meets requirements by 0.193ns

 Logical Details:  Cell type  Pin type       Cell/ASIC name  (clock net +/-)

   Source:         FF         Q              swg/wave_outP_17  (from clk_25mhz_c +)
   Destination:    FF         Data in        swg/wave_outP_17  (to clk_25mhz_c +)

   Delay:               0.312ns  (76.9% logic, 23.1% route), 2 logic levels.

 Constraint Details:

      0.312ns physical path delay swg/SLICE_35 to swg/SLICE_35 meets
      0.119ns DIN_HLD and
      0.000ns delay constraint less
      0.000ns skew requirement (totaling 0.119ns) by 0.193ns

 Physical Path Details:

      Data path swg/SLICE_35 to swg/SLICE_35:

   Name    Fanout   Delay (ns)          Site               Resource
REG_DEL     ---     0.164     R2C65C.CLK to      R2C65C.Q0 swg/SLICE_35 (from clk_25mhz_c)
ROUTE         3     0.072      R2C65C.Q0 to      R2C65C.C0 wave_outP_c
CTOF_DEL    ---     0.076      R2C65C.C0 to      R2C65C.F0 swg/SLICE_35
ROUTE         1     0.000      R2C65C.F0 to     R2C65C.DI0 swg/wave_outP_N_67 (to clk_25mhz_c)
                  --------
                    0.312   (76.9% logic, 23.1% route), 2 logic levels.

 Clock Skew Details: 

      Source Clock Path clk_25mhz to swg/SLICE_35:

   Name    Fanout   Delay (ns)          Site               Resource
ROUTE        20     0.911       G2.PADDI to     R2C65C.CLK clk_25mhz_c
                  --------
                    0.911   (0.0% logic, 100.0% route), 0 logic levels.

      Destination Clock Path clk_25mhz to swg/SLICE_35:

   Name    Fanout   Delay (ns)          Site               Resource
ROUTE        20     0.911       G2.PADDI to     R2C65C.CLK clk_25mhz_c
                  --------
                    0.911   (0.0% logic, 100.0% route), 0 logic levels.


Passed: The following path meets requirements by 0.276ns

 Logical Details:  Cell type  Pin type       Cell/ASIC name  (clock net +/-)

   Source:         FF         Q              swg/counter_9__i20  (from clk_25mhz_c +)
   Destination:    FF         Data in        swg/counter_9__i20  (to clk_25mhz_c +)

   Delay:               0.395ns  (60.5% logic, 39.5% route), 2 logic levels.

 Constraint Details:

      0.395ns physical path delay swg/SLICE_9 to swg/SLICE_9 meets
      0.119ns DIN_HLD and
      0.000ns delay constraint less
      0.000ns skew requirement (totaling 0.119ns) by 0.276ns

 Physical Path Details:

      Data path swg/SLICE_9 to swg/SLICE_9:

   Name    Fanout   Delay (ns)          Site               Resource
REG_DEL     ---     0.163    R17C28C.CLK to     R17C28C.Q1 swg/SLICE_9 (from clk_25mhz_c)
ROUTE         2     0.156     R17C28C.Q1 to     R17C28C.A1 counter_20
CTOF_DEL    ---     0.076     R17C28C.A1 to     R17C28C.F1 swg/SLICE_9
ROUTE         1     0.000     R17C28C.F1 to    R17C28C.DI1 swg/n145 (to clk_25mhz_c)
                  --------
                    0.395   (60.5% logic, 39.5% route), 2 logic levels.

 Clock Skew Details: 

      Source Clock Path clk_25mhz to swg/SLICE_9:

   Name    Fanout   Delay (ns)          Site               Resource
ROUTE        20     0.911       G2.PADDI to    R17C28C.CLK clk_25mhz_c
                  --------
                    0.911   (0.0% logic, 100.0% route), 0 logic levels.

      Destination Clock Path clk_25mhz to swg/SLICE_9:

   Name    Fanout   Delay (ns)          Site               Resource
ROUTE        20     0.911       G2.PADDI to    R17C28C.CLK clk_25mhz_c
                  --------
                    0.911   (0.0% logic, 100.0% route), 0 logic levels.


Passed: The following path meets requirements by 0.276ns

 Logical Details:  Cell type  Pin type       Cell/ASIC name  (clock net +/-)

   Source:         FF         Q              swg/counter_9__i28  (from clk_25mhz_c +)
   Destination:    FF         Data in        swg/counter_9__i28  (to clk_25mhz_c +)

   Delay:               0.395ns  (60.5% logic, 39.5% route), 2 logic levels.

 Constraint Details:

      0.395ns physical path delay swg/SLICE_5 to swg/SLICE_5 meets
      0.119ns DIN_HLD and
      0.000ns delay constraint less
      0.000ns skew requirement (totaling 0.119ns) by 0.276ns

 Physical Path Details:

      Data path swg/SLICE_5 to swg/SLICE_5:

   Name    Fanout   Delay (ns)          Site               Resource
REG_DEL     ---     0.163    R17C29C.CLK to     R17C29C.Q1 swg/SLICE_5 (from clk_25mhz_c)
ROUTE         2     0.156     R17C29C.Q1 to     R17C29C.A1 counter_28
CTOF_DEL    ---     0.076     R17C29C.A1 to     R17C29C.F1 swg/SLICE_5
ROUTE         1     0.000     R17C29C.F1 to    R17C29C.DI1 swg/n137 (to clk_25mhz_c)
                  --------
                    0.395   (60.5% logic, 39.5% route), 2 logic levels.

 Clock Skew Details: 

      Source Clock Path clk_25mhz to swg/SLICE_5:

   Name    Fanout   Delay (ns)          Site               Resource
ROUTE        20     0.911       G2.PADDI to    R17C29C.CLK clk_25mhz_c
                  --------
                    0.911   (0.0% logic, 100.0% route), 0 logic levels.

      Destination Clock Path clk_25mhz to swg/SLICE_5:

   Name    Fanout   Delay (ns)          Site               Resource
ROUTE        20     0.911       G2.PADDI to    R17C29C.CLK clk_25mhz_c
                  --------
                    0.911   (0.0% logic, 100.0% route), 0 logic levels.


Passed: The following path meets requirements by 0.276ns

 Logical Details:  Cell type  Pin type       Cell/ASIC name  (clock net +/-)

   Source:         FF         Q              swg/counter_9__i4  (from clk_25mhz_c +)
   Destination:    FF         Data in        swg/counter_9__i4  (to clk_25mhz_c +)

   Delay:               0.395ns  (60.5% logic, 39.5% route), 2 logic levels.

 Constraint Details:

      0.395ns physical path delay swg/SLICE_17 to swg/SLICE_17 meets
      0.119ns DIN_HLD and
      0.000ns delay constraint less
      0.000ns skew requirement (totaling 0.119ns) by 0.276ns

 Physical Path Details:

      Data path swg/SLICE_17 to swg/SLICE_17:

   Name    Fanout   Delay (ns)          Site               Resource
REG_DEL     ---     0.163    R17C26C.CLK to     R17C26C.Q1 swg/SLICE_17 (from clk_25mhz_c)
ROUTE         2     0.156     R17C26C.Q1 to     R17C26C.A1 counter_4
CTOF_DEL    ---     0.076     R17C26C.A1 to     R17C26C.F1 swg/SLICE_17
ROUTE         1     0.000     R17C26C.F1 to    R17C26C.DI1 swg/n161 (to clk_25mhz_c)
                  --------
                    0.395   (60.5% logic, 39.5% route), 2 logic levels.

 Clock Skew Details: 

      Source Clock Path clk_25mhz to swg/SLICE_17:

   Name    Fanout   Delay (ns)          Site               Resource
ROUTE        20     0.911       G2.PADDI to    R17C26C.CLK clk_25mhz_c
                  --------
                    0.911   (0.0% logic, 100.0% route), 0 logic levels.

      Destination Clock Path clk_25mhz to swg/SLICE_17:

   Name    Fanout   Delay (ns)          Site               Resource
ROUTE        20     0.911       G2.PADDI to    R17C26C.CLK clk_25mhz_c
                  --------
                    0.911   (0.0% logic, 100.0% route), 0 logic levels.


Passed: The following path meets requirements by 0.276ns

 Logical Details:  Cell type  Pin type       Cell/ASIC name  (clock net +/-)

   Source:         FF         Q              swg/counter_9__i12  (from clk_25mhz_c +)
   Destination:    FF         Data in        swg/counter_9__i12  (to clk_25mhz_c +)

   Delay:               0.395ns  (60.5% logic, 39.5% route), 2 logic levels.

 Constraint Details:

      0.395ns physical path delay swg/SLICE_13 to swg/SLICE_13 meets
      0.119ns DIN_HLD and
      0.000ns delay constraint less
      0.000ns skew requirement (totaling 0.119ns) by 0.276ns

 Physical Path Details:

      Data path swg/SLICE_13 to swg/SLICE_13:

   Name    Fanout   Delay (ns)          Site               Resource
REG_DEL     ---     0.163    R17C27C.CLK to     R17C27C.Q1 swg/SLICE_13 (from clk_25mhz_c)
ROUTE         2     0.156     R17C27C.Q1 to     R17C27C.A1 counter_12
CTOF_DEL    ---     0.076     R17C27C.A1 to     R17C27C.F1 swg/SLICE_13
ROUTE         1     0.000     R17C27C.F1 to    R17C27C.DI1 swg/n153 (to clk_25mhz_c)
                  --------
                    0.395   (60.5% logic, 39.5% route), 2 logic levels.

 Clock Skew Details: 

      Source Clock Path clk_25mhz to swg/SLICE_13:

   Name    Fanout   Delay (ns)          Site               Resource
ROUTE        20     0.911       G2.PADDI to    R17C27C.CLK clk_25mhz_c
                  --------
                    0.911   (0.0% logic, 100.0% route), 0 logic levels.

      Destination Clock Path clk_25mhz to swg/SLICE_13:

   Name    Fanout   Delay (ns)          Site               Resource
ROUTE        20     0.911       G2.PADDI to    R17C27C.CLK clk_25mhz_c
                  --------
                    0.911   (0.0% logic, 100.0% route), 0 logic levels.


Passed: The following path meets requirements by 0.276ns

 Logical Details:  Cell type  Pin type       Cell/ASIC name  (clock net +/-)

   Source:         FF         Q              swg/counter_9__i14  (from clk_25mhz_c +)
   Destination:    FF         Data in        swg/counter_9__i14  (to clk_25mhz_c +)

   Delay:               0.395ns  (60.5% logic, 39.5% route), 2 logic levels.

 Constraint Details:

      0.395ns physical path delay swg/SLICE_12 to swg/SLICE_12 meets
      0.119ns DIN_HLD and
      0.000ns delay constraint less
      0.000ns skew requirement (totaling 0.119ns) by 0.276ns

 Physical Path Details:

      Data path swg/SLICE_12 to swg/SLICE_12:

   Name    Fanout   Delay (ns)          Site               Resource
REG_DEL     ---     0.163    R17C27D.CLK to     R17C27D.Q1 swg/SLICE_12 (from clk_25mhz_c)
ROUTE         2     0.156     R17C27D.Q1 to     R17C27D.A1 counter_14
CTOF_DEL    ---     0.076     R17C27D.A1 to     R17C27D.F1 swg/SLICE_12
ROUTE         1     0.000     R17C27D.F1 to    R17C27D.DI1 swg/n151 (to clk_25mhz_c)
                  --------
                    0.395   (60.5% logic, 39.5% route), 2 logic levels.

 Clock Skew Details: 

      Source Clock Path clk_25mhz to swg/SLICE_12:

   Name    Fanout   Delay (ns)          Site               Resource
ROUTE        20     0.911       G2.PADDI to    R17C27D.CLK clk_25mhz_c
                  --------
                    0.911   (0.0% logic, 100.0% route), 0 logic levels.

      Destination Clock Path clk_25mhz to swg/SLICE_12:

   Name    Fanout   Delay (ns)          Site               Resource
ROUTE        20     0.911       G2.PADDI to    R17C27D.CLK clk_25mhz_c
                  --------
                    0.911   (0.0% logic, 100.0% route), 0 logic levels.


Passed: The following path meets requirements by 0.276ns

 Logical Details:  Cell type  Pin type       Cell/ASIC name  (clock net +/-)

   Source:         FF         Q              swg/counter_9__i30  (from clk_25mhz_c +)
   Destination:    FF         Data in        swg/counter_9__i30  (to clk_25mhz_c +)

   Delay:               0.395ns  (60.5% logic, 39.5% route), 2 logic levels.

 Constraint Details:

      0.395ns physical path delay swg/SLICE_4 to swg/SLICE_4 meets
      0.119ns DIN_HLD and
      0.000ns delay constraint less
      0.000ns skew requirement (totaling 0.119ns) by 0.276ns

 Physical Path Details:

      Data path swg/SLICE_4 to swg/SLICE_4:

   Name    Fanout   Delay (ns)          Site               Resource
REG_DEL     ---     0.163    R17C29D.CLK to     R17C29D.Q1 swg/SLICE_4 (from clk_25mhz_c)
ROUTE         2     0.156     R17C29D.Q1 to     R17C29D.A1 counter_30
CTOF_DEL    ---     0.076     R17C29D.A1 to     R17C29D.F1 swg/SLICE_4
ROUTE         1     0.000     R17C29D.F1 to    R17C29D.DI1 swg/n135 (to clk_25mhz_c)
                  --------
                    0.395   (60.5% logic, 39.5% route), 2 logic levels.

 Clock Skew Details: 

      Source Clock Path clk_25mhz to swg/SLICE_4:

   Name    Fanout   Delay (ns)          Site               Resource
ROUTE        20     0.911       G2.PADDI to    R17C29D.CLK clk_25mhz_c
                  --------
                    0.911   (0.0% logic, 100.0% route), 0 logic levels.

      Destination Clock Path clk_25mhz to swg/SLICE_4:

   Name    Fanout   Delay (ns)          Site               Resource
ROUTE        20     0.911       G2.PADDI to    R17C29D.CLK clk_25mhz_c
                  --------
                    0.911   (0.0% logic, 100.0% route), 0 logic levels.


Passed: The following path meets requirements by 0.276ns

 Logical Details:  Cell type  Pin type       Cell/ASIC name  (clock net +/-)

   Source:         FF         Q              swg/counter_9__i22  (from clk_25mhz_c +)
   Destination:    FF         Data in        swg/counter_9__i22  (to clk_25mhz_c +)

   Delay:               0.395ns  (60.5% logic, 39.5% route), 2 logic levels.

 Constraint Details:

      0.395ns physical path delay swg/SLICE_8 to swg/SLICE_8 meets
      0.119ns DIN_HLD and
      0.000ns delay constraint less
      0.000ns skew requirement (totaling 0.119ns) by 0.276ns

 Physical Path Details:

      Data path swg/SLICE_8 to swg/SLICE_8:

   Name    Fanout   Delay (ns)          Site               Resource
REG_DEL     ---     0.163    R17C28D.CLK to     R17C28D.Q1 swg/SLICE_8 (from clk_25mhz_c)
ROUTE         2     0.156     R17C28D.Q1 to     R17C28D.A1 counter_22
CTOF_DEL    ---     0.076     R17C28D.A1 to     R17C28D.F1 swg/SLICE_8
ROUTE         1     0.000     R17C28D.F1 to    R17C28D.DI1 swg/n143 (to clk_25mhz_c)
                  --------
                    0.395   (60.5% logic, 39.5% route), 2 logic levels.

 Clock Skew Details: 

      Source Clock Path clk_25mhz to swg/SLICE_8:

   Name    Fanout   Delay (ns)          Site               Resource
ROUTE        20     0.911       G2.PADDI to    R17C28D.CLK clk_25mhz_c
                  --------
                    0.911   (0.0% logic, 100.0% route), 0 logic levels.

      Destination Clock Path clk_25mhz to swg/SLICE_8:

   Name    Fanout   Delay (ns)          Site               Resource
ROUTE        20     0.911       G2.PADDI to    R17C28D.CLK clk_25mhz_c
                  --------
                    0.911   (0.0% logic, 100.0% route), 0 logic levels.

Report Summary
--------------
----------------------------------------------------------------------------
Preference(MIN Delays)                  |   Constraint|       Actual|Levels
----------------------------------------------------------------------------
                                        |             |             |
FREQUENCY PORT "clk_25mhz" 25.000000    |             |             |
MHz ;                                   |            -|            -|   1  
                                        |             |             |
----------------------------------------------------------------------------


All preferences were met.


Clock Domains Analysis
------------------------

Found 1 clocks:

Clock Domain: clk_25mhz_c   Source: clk_25mhz.PAD   Loads: 20
   Covered under: FREQUENCY PORT "clk_25mhz" 25.000000 MHz ;


Timing summary (Hold):
---------------

Timing errors: 0  Score: 0
Cumulative negative slack: 0

Constraints cover 1171 paths, 1 nets, and 173 connections (98.30% coverage)



Timing summary (Setup and Hold):
---------------

Timing errors: 0 (setup), 0 (hold)
Score: 0 (setup), 0 (hold)
Cumulative negative slack: 0 (0+0)
--------------------------------------------------------------------------------

--------------------------------------------------------------------------------

